// Jest Snapshot v1, https://goo.gl/fbAQLP

exports[`it works 1`] = `
.c0 {
  background: transparent;
  border: 2px solid palevioletred;
  border-radius: 3px;
  color: palevioletred;
  margin: 0 1em;
  padding: 0.25em 1em;
}

<button
  class="c0"
/>
`;
